// Jest Snapshot v1, https://goo.gl/fbAQLP

exports[`Login Render login login rendered correctly 1`] = `
<View
  style={
    {
      "backgroundColor": "#FFF",
      "flex": 1,
      "justifyContent": "center",
      "paddingHorizontal": 24,
    }
  }
>
  <TextInput
    maxLength={10}
    onChangeText={[Function]}
    placeholder="Username"
    style={
      {
        "borderColor": "gray",
        "borderRadius": 6,
        "borderWidth": 1,
        "height": 52,
        "marginBottom": 16,
        "paddingHorizontal": 16,
        "textAlignVertical": "center",
        "width": "100%",
      }
    }
    testID="user-name"
    value=""
  />
  <TextInput
    onChangeText={[Function]}
    placeholder="Password"
    secureTextEntry={true}
    style={
      {
        "borderColor": "gray",
        "borderRadius": 6,
        "borderWidth": 1,
        "height": 52,
        "marginBottom": 16,
        "paddingHorizontal": 16,
        "textAlignVertical": "center",
        "width": "100%",
      }
    }
    testID="password"
  />
  <View
    accessibilityState={
      {
        "busy": undefined,
        "checked": undefined,
        "disabled": undefined,
        "expanded": undefined,
        "selected": undefined,
      }
    }
    accessibilityValue={
      {
        "max": undefined,
        "min": undefined,
        "now": undefined,
        "text": undefined,
      }
    }
    accessible={true}
    collapsable={false}
    focusable={true}
    onClick={[Function]}
    onResponderGrant={[Function]}
    onResponderMove={[Function]}
    onResponderRelease={[Function]}
    onResponderTerminate={[Function]}
    onResponderTerminationRequest={[Function]}
    onStartShouldSetResponder={[Function]}
    style={
      {
        "alignItems": "center",
        "alignSelf": "center",
        "backgroundColor": "#0000FF",
        "borderRadius": 6,
        "height": 52,
        "justifyContent": "center",
        "opacity": 1,
        "width": "80%",
      }
    }
    testID="login"
  >
    <Text
      style={
        {
          "color": "#FFFFFF",
          "fontSize": 16,
          "fontWeight": "700",
        }
      }
    >
      Login
    </Text>
  </View>
</View>
`;
